                                      1 ;--------------------------------------------------------
                                      2 ; File Created by SDCC : free open source ISO C Compiler
                                      3 ; Version 4.5.0 #15242 (MINGW64)
                                      4 ;--------------------------------------------------------
                                      5 	.module main
                                      6 	
                                      7 ;--------------------------------------------------------
                                      8 ; Public variables in this module
                                      9 ;--------------------------------------------------------
                                     10 	.globl _main
                                     11 	.globl _TIM4_ClearFlag
                                     12 	.globl _TIM4_GetFlagStatus
                                     13 	.globl _TIM4_SetCounter
                                     14 	.globl _TIM4_Cmd
                                     15 	.globl _TIM4_TimeBaseInit
                                     16 	.globl _GPIO_WriteReverse
                                     17 	.globl _GPIO_Init
                                     18 	.globl _GPIO_DeInit
                                     19 	.globl _CLK_HSIPrescalerConfig
                                     20 	.globl _delay_ms
                                     21 ;--------------------------------------------------------
                                     22 ; ram data
                                     23 ;--------------------------------------------------------
                                     24 	.area DATA
                                     25 ;--------------------------------------------------------
                                     26 ; ram data
                                     27 ;--------------------------------------------------------
                                     28 	.area INITIALIZED
                                     29 ;--------------------------------------------------------
                                     30 ; Stack segment in internal ram
                                     31 ;--------------------------------------------------------
                                     32 	.area SSEG
      000000                         33 __start__stack:
      000000                         34 	.ds	1
                                     35 
                                     36 ;--------------------------------------------------------
                                     37 ; absolute external ram data
                                     38 ;--------------------------------------------------------
                                     39 	.area DABS (ABS)
                                     40 
                                     41 ; default segment ordering for linker
                                     42 	.area HOME
                                     43 	.area GSINIT
                                     44 	.area GSFINAL
                                     45 	.area CONST
                                     46 	.area INITIALIZER
                                     47 	.area CODE
                                     48 
                                     49 ;--------------------------------------------------------
                                     50 ; interrupt vector
                                     51 ;--------------------------------------------------------
                                     52 	.area HOME
      000000                         53 __interrupt_vect:
      000000 82v00u00u00             54 	int s_GSINIT ; reset
                                     55 ;--------------------------------------------------------
                                     56 ; global & static initialisations
                                     57 ;--------------------------------------------------------
                                     58 	.area HOME
                                     59 	.area GSINIT
                                     60 	.area GSFINAL
                                     61 	.area GSINIT
      000000 CDr00r00         [ 4]   62 	call	___sdcc_external_startup
      000003 4D               [ 1]   63 	tnz	a
      000004 27 03            [ 1]   64 	jreq	__sdcc_init_data
      000006 CCr00r04         [ 2]   65 	jp	__sdcc_program_startup
      000009                         66 __sdcc_init_data:
                                     67 ; stm8_genXINIT() start
      000009 AEr00r00         [ 2]   68 	ldw x, #l_DATA
      00000C 27 07            [ 1]   69 	jreq	00002$
      00000E                         70 00001$:
      00000E 72 4FuFFuFF      [ 1]   71 	clr (s_DATA - 1, x)
      000012 5A               [ 2]   72 	decw x
      000013 26 F9            [ 1]   73 	jrne	00001$
      000015                         74 00002$:
      000015 AEr00r00         [ 2]   75 	ldw	x, #l_INITIALIZER
      000018 27 09            [ 1]   76 	jreq	00004$
      00001A                         77 00003$:
      00001A D6uFFuFF         [ 1]   78 	ld	a, (s_INITIALIZER - 1, x)
      00001D D7uFFuFF         [ 1]   79 	ld	(s_INITIALIZED - 1, x), a
      000020 5A               [ 2]   80 	decw	x
      000021 26 F7            [ 1]   81 	jrne	00003$
      000023                         82 00004$:
                                     83 ; stm8_genXINIT() end
                                     84 	.area GSFINAL
      000000 CCr00r04         [ 2]   85 	jp	__sdcc_program_startup
                                     86 ;--------------------------------------------------------
                                     87 ; Home
                                     88 ;--------------------------------------------------------
                                     89 	.area HOME
                                     90 	.area HOME
      000004                         91 __sdcc_program_startup:
      000004 CCr00r20         [ 2]   92 	jp	_main
                                     93 ;	return from main will return to caller
                                     94 ;--------------------------------------------------------
                                     95 ; code
                                     96 ;--------------------------------------------------------
                                     97 	.area CODE
                           000000    98 	G$delay_ms$0$0 ==.
                           000000    99 	C$main.c$5$0_0$308 ==.
                                    100 ;	main.c: 5: void delay_ms(uint16_t u16Delay)
                                    101 ;	-----------------------------------------
                                    102 ;	 function delay_ms
                                    103 ;	-----------------------------------------
      000000                        104 _delay_ms:
      000000 89               [ 2]  105 	pushw	x
                           000001   106 	C$main.c$8$1_0$308 ==.
                                    107 ;	main.c: 8: while (u16Delay) {
      000001                        108 00104$:
      000001 1E 01            [ 2]  109 	ldw	x, (0x01, sp)
      000003 27 18            [ 1]  110 	jreq	00107$
                           000005   111 	C$main.c$9$2_0$309 ==.
                                    112 ;	main.c: 9: TIM4_SetCounter(0);
      000005 4F               [ 1]  113 	clr	a
      000006 CDr00r00         [ 4]  114 	call	_TIM4_SetCounter
                           000009   115 	C$main.c$10$2_0$309 ==.
                                    116 ;	main.c: 10: TIM4_ClearFlag(TIM4_FLAG_UPDATE);
      000009 A6 01            [ 1]  117 	ld	a, #0x01
      00000B CDr00r00         [ 4]  118 	call	_TIM4_ClearFlag
                           00000E   119 	C$main.c$11$2_0$309 ==.
                                    120 ;	main.c: 11: while (TIM4_GetFlagStatus(TIM4_FLAG_UPDATE) == RESET) {
      00000E                        121 00101$:
      00000E A6 01            [ 1]  122 	ld	a, #0x01
      000010 CDr00r00         [ 4]  123 	call	_TIM4_GetFlagStatus
      000013 4D               [ 1]  124 	tnz	a
      000014 27 F8            [ 1]  125 	jreq	00101$
                           000016   126 	C$main.c$13$2_0$309 ==.
                                    127 ;	main.c: 13: --u16Delay;
      000016 1E 01            [ 2]  128 	ldw	x, (0x01, sp)
      000018 5A               [ 2]  129 	decw	x
      000019 1F 01            [ 2]  130 	ldw	(0x01, sp), x
      00001B 20 E4            [ 2]  131 	jra	00104$
      00001D                        132 00107$:
                           00001D   133 	C$main.c$15$1_0$308 ==.
                                    134 ;	main.c: 15: }
      00001D 5B 02            [ 2]  135 	addw	sp, #2
                           00001F   136 	C$main.c$15$1_0$308 ==.
                           00001F   137 	XG$delay_ms$0$0 ==.
      00001F 81               [ 4]  138 	ret
                           000020   139 	G$main$0$0 ==.
                           000020   140 	C$main.c$17$1_0$312 ==.
                                    141 ;	main.c: 17: void main(void)
                                    142 ;	-----------------------------------------
                                    143 ;	 function main
                                    144 ;	-----------------------------------------
      000020                        145 _main:
                           000020   146 	C$main.c$20$1_0$312 ==.
                                    147 ;	main.c: 20: CLK_HSIPrescalerConfig(CLK_PRESCALER_HSIDIV1);
      000020 4F               [ 1]  148 	clr	a
      000021 CDr00r00         [ 4]  149 	call	_CLK_HSIPrescalerConfig
                           000024   150 	C$main.c$21$1_0$312 ==.
                                    151 ;	main.c: 21: GPIO_DeInit(GPIOB);
      000024 AE 50 05         [ 2]  152 	ldw	x, #0x5005
      000027 CDr00r00         [ 4]  153 	call	_GPIO_DeInit
                           00002A   154 	C$main.c$22$1_0$312 ==.
                                    155 ;	main.c: 22: GPIO_Init(GPIOB, GPIO_PIN_5, GPIO_MODE_OUT_PP_LOW_FAST);
      00002A 4B E0            [ 1]  156 	push	#0xe0
      00002C A6 20            [ 1]  157 	ld	a, #0x20
      00002E AE 50 05         [ 2]  158 	ldw	x, #0x5005
      000031 CDr00r00         [ 4]  159 	call	_GPIO_Init
                           000034   160 	C$main.c$23$1_0$312 ==.
                                    161 ;	main.c: 23: TIM4_TimeBaseInit(TIM4_PRESCALER_128, 125 - 1);
      000034 4B 7C            [ 1]  162 	push	#0x7c
      000036 A6 07            [ 1]  163 	ld	a, #0x07
      000038 CDr00r00         [ 4]  164 	call	_TIM4_TimeBaseInit
                           00003B   165 	C$main.c$24$1_0$312 ==.
                                    166 ;	main.c: 24: TIM4_Cmd(ENABLE);
      00003B A6 01            [ 1]  167 	ld	a, #0x01
      00003D CDr00r00         [ 4]  168 	call	_TIM4_Cmd
                           000040   169 	C$main.c$26$1_0$312 ==.
                                    170 ;	main.c: 26: while(1) {
      000040                        171 00102$:
                           000040   172 	C$main.c$27$2_0$313 ==.
                                    173 ;	main.c: 27: delay_ms(2000);
      000040 AE 07 D0         [ 2]  174 	ldw	x, #0x07d0
      000043 CDr00r00         [ 4]  175 	call	_delay_ms
                           000046   176 	C$main.c$28$2_0$313 ==.
                                    177 ;	main.c: 28: GPIO_WriteReverse(GPIOB, GPIO_PIN_5);
      000046 A6 20            [ 1]  178 	ld	a, #0x20
      000048 AE 50 05         [ 2]  179 	ldw	x, #0x5005
      00004B CDr00r00         [ 4]  180 	call	_GPIO_WriteReverse
      00004E 20 F0            [ 2]  181 	jra	00102$
                           000050   182 	C$main.c$30$1_0$312 ==.
                                    183 ;	main.c: 30: }
                           000050   184 	C$main.c$30$1_0$312 ==.
                           000050   185 	XG$main$0$0 ==.
      000050 81               [ 4]  186 	ret
                                    187 	.area CODE
                                    188 	.area CONST
                                    189 	.area INITIALIZER
                                    190 	.area CABS (ABS)
